
[1m[46m RUN [49m[22m [36mv4.0.16 [39m[90mC:/Users/nahue/Projects/tip-calculator-app[39m

 [31mÔØ»[39m src/__tests__/App.test.jsx [2m([22m[2m5 tests[22m[2m | [22m[31m1 failed[39m[2m)[22m[33m 802[2mms[22m[39m
     [32mÔ£ô[39m renders all required inputs and outputs[32m 46[2mms[22m[39m
[31m     [31m├ù[31m updates calculation when bill and tip changes[39m[32m 111[2mms[22m[39m
     [32mÔ£ô[39m custom tip percentage works[32m 274[2mms[22m[39m
     [32mÔ£ô[39m shows error state when number of people is zero[32m 239[2mms[22m[39m
     [32mÔ£ô[39m reset button clears all values[32m 131[2mms[22m[39m
npx : 
En línea: 1 Carácter: 1
+ npx vitest run 
src/__tests__/App.test.jsx > 
test_output.txt 2>&1
+ ~~~~~~~~~~~~~~~~~~~~~~~~~~~~~~~~~~~~~
~~~~~~~~~~~~~~~~~~~~~~~~~~~
    + CategoryInfo          : NotSpeci 
   fied: (:String) [], RemoteExceptio  
  n
    + FullyQualifiedErrorId : NativeCo 
   mmandError
 
[31mÔÄ»ÔÄ»ÔÄ»ÔÄ»ÔÄ»ÔÄ»ÔÄ»[39m[1m[41
m Failed Tests 1 [49m[22m[31mÔÄ»ÔÄ»Ô
Ä»ÔÄ»ÔÄ»ÔÄ»ÔÄ»[39m

[41m[1m FAIL [22m[49m 
src/__tests__/App.test.jsx[2m > 
[22mApp UI Behavior[2m > 
[22mupdates calculation when bill and 
tip changes
[31m[1mTestingLibraryElementError[22
m[39m: Found multiple elements with 
the role "button" and name `/5%/i`

Here are the matching elements:

Ignored nodes: comments, script, style
[36m<button[39m
  [33mclass[39m=[32m"tip-btn "[39m
  [33mtype[39m=[32m"button"[39m
[36m>[39m
  [0m5[0m
  [0m%[0m
[36m</button>[39m

Ignored nodes: comments, script, style
[36m<button[39m
  [33mclass[39m=[32m"tip-btn "[39m
  [33mtype[39m=[32m"button"[39m
[36m>[39m
  [0m15[0m
  [0m%[0m
[36m</button>[39m

Ignored nodes: comments, script, style
[36m<button[39m
  [33mclass[39m=[32m"tip-btn "[39m
  [33mtype[39m=[32m"button"[39m
[36m>[39m
  [0m25[0m
  [0m%[0m
[36m</button>[39m

(If this is intentional, then use the 
`*AllBy*` variant of the query (like 
`queryAllByText`, `getAllByText`, or 
`findAllByText`)).

Ignored nodes: comments, script, style
[36m<body>[39m
  [36m<div>[39m
    [36m<main[39m
      
[33mclass[39m=[32m"container"[39m
    [36m>[39m
      [36m<header[39m
        
[33mclass[39m=[32m"header"[39m
      [36m>[39m
        [36m<h1>[39m
          [0mSPLI[0m
          [36m<br />[39m
          [0mTTER[0m
        [36m</h1>[39m
      [36m</header>[39m
      [36m<div[39m
        [33mclass[39m=[32m"calculato
r-card"[39m
      [36m>[39m
        [36m<section[39m
          [33mclass[39m=[32m"input-s
ection"[39m
        [36m>[39m
          [36m<div[39m
            
[33mclass[39m=[32m"input-group"[39m
          [36m>[39m
            [36m<label[39m
              
[33mfor[39m=[32m"bill"[39m
            [36m>[39m
              [0mBill[0m
            [36m</label>[39m
            [36m<div[39m
              [33mclass[39m=[32m"inp
ut-wrapper"[39m
            [36m>[39m
              [36m<img[39m
                
[33malt[39m=[32m""[39m
                
[33maria-hidden[39m=[32m"true"[39m
                
[33mclass[39m=[32m"input-icon"[39m
                [33msrc[39m=[32m"/im
ages/icon-dollar.svg"[39m
              [36m/>[39m
              [36m<input[39m
                
[33mid[39m=[32m"bill"[39m
                
[33mmin[39m=[32m"0"[39m
                
[33mplaceholder[39m=[32m"0"[39m
                
[33mstep[39m=[32m"0.01"[39m
                
[33mtype[39m=[32m"number"[39m
                
[33mvalue[39m=[32m""[39m
              [36m/>[39m
            [36m</div>[39m
          [36m</div>[39m
          [36m<div[39m
            
[33mclass[39m=[32m"input-group"[39m
          [36m>[39m
            [36m<label>[39m
              [0mSelect Tip %[0m
            [36m</label>[39m
            [36m<div[39m
              
[33mclass[39m=[32m"tip-grid"[39m
            [36m>[39m
              [36m<button[39m
                
[33mclass[39m=[32m"tip-btn "[39m
                
[33mtype[39m=[32m"button"[39m
              [36m>[39m
                [0m5[0m
                [0m%[0m
              [36m</button>[39m
              [36m<button[39m
                
[33mclass[39m=[32m"tip-btn "[39m
                
[33mtype[39m=[32m"button"[39m
              [36m>[39m
                [0m10[0m
                [0m%[0m
              [36m</button>[39m
              [36m<button[39m
                
[33mclass[39m=[32m"tip-btn "[39m
                
[33mtype[39m=[32m"button"[39m
              [36m>[39m
                [0m15[0m
                [0m%[0m
              [36m</button>[39m
              [36m<button[39m
                
[33mclass[39m=[32m"tip-btn "[39m
                
[33mtype[39m=[32m"button"[39m
              [36m>[39m
                [0m25[0m
                [0m%[0m
              [36m</button>[39m
              [36m<button[39m
                
[33mclass[39m=[32m"tip-btn "[39m
                
[33mtype[39m=[32m"button"[39m
              [36m>[39m
                [0m50[0m
                [0m%[0m
              [36m</button>[39m
              [36m<input[39m
                
[33mclass[39m=[32m"tip-custom"[39m
                [33mplaceholder[39m=
[32m"Custom"[39m
                
[33mtype[39m=[32m"number"[39m
                
[33mvalue[39m=[32m""[39m
              [36m/>[39m
            [36m</div>[39m
          [36m</div>[39m
          [36m<div[39m
            
[33mclass[39m=[32m"input-group"[39m
          [36m>[39m
            [36m<div[39m
              [33mclass[39m=[32m"lab
el-wrapper"[39m
            [36m>[39m
              [36m<label[39m
                
[33mfor[39m=[32m"people"[39m
              [36m>[39m
                [0mNumber of 
People[0m
              [36m</label>[39m
            [36m</div>[39m
            [36m<div[39m
              
[33mclass[39m=[32m"input-wrapper 
"[39m
            [36m>[39m
              [36m<img[39m
                
[33malt[39m=[32m""[39m
                
[33maria-hidden[39m=[32m"true"[39m
                
[33mclass[39m=[32m"input-icon"[39m
                [33msrc[39m=[32m"/im
ages/icon-person.svg"[39m
              [36m/>[39m
              [36m<input[39m
                
[33mid[39m=[32m"people"[39m
                
[33mmin[39m=[32m"0"[39m
                
[33mplaceholder[39m=[32m"0"[39m
                
[33mtype[39m=[32m"number"[39m
                
[33mvalue[39m=[32m""[39m
              [36m/>[39m
            [36m</div>[39m
          [36m</div>[39m
        [36m</section>[39m
        [36m<section[39m
          [33mclass[39m=[32m"result-
section"[39m
        [36m>[39m
          [36m<div[39m
            [33mclass[39m=[32m"resul
ts-container"[39m
          [36m>[39m
            [36m<div[39m
              
[33mclass[39m=[32m"result-row"[39m
            [36m>[39m
              [36m<div[39m
                [33mclass[39m=[32m"r
esult-label"[39m
              [36m>[39m
                [36m<p[39m
                  
[33mclass[39m=[32m"label-main"[39m
                [36m>[39m
                  [0mTip Amount[0m
                [36m</p>[39m
                [36m<p[39m
                  
[33mclass[39m=[32m"label-sub"[39m
                [36m>[39m
                  [0m/ person[0m
                [36m</p>[39m
              [36m</div>[39m
              [36m<div[39m
                [33mclass[39m=[32m"r
esult-value"[39m
              [36m>[39m
                [0m$0.00[0m
              [36m</div>[39m
            [36m</div>[39m
            [36m<div[39m
              
[33mclass[39m=[32m"result-row"[39m
            [36m>[39m
              [36m<div[39m
                [33mclass[39m=[32m"r
esult-label"[39m
              [36m>[39m
                [36m<p[39m
                  
[33mclass[39m=[32m"label-main"[39m
                [36m>[39m
                  [0mTotal[0m
                [36m</p>[39m
                [36m<p[39m
                  
[33mclass[39m=[32m"label-sub"[39m
                [36m>[39m
                  [0m/ person[0m
                [36m</p>[39m
              [36m</div>[39m
              [36m<div[39m
                [33mclass[39m=[32m"r
esult-value"[39m
              [36m>[39m
                [0m$0.00[0m
              [36m</div>[39m
            [36m</div>[39m
          [36m</div>[39m
          [36m<button[39m
            
[33mclass[39m=[32m"reset-btn"[39m
            
[33mdisabled[39m=[32m""[39m
            
[33mtype[39m=[32m"button"[39m
          [36m>[39m
            [0mRESET[0m
          [36m</button>[39m
        [36m</section>[39m
      [36m</div>[39m
    [36m</main>[39m
  [36m</div>[39m
[36m</body>[39m
[90m [2mÔØ»[22m 
Object.getElementError node_modules/@te
sting-library/dom/dist/config.js:[2m37
:19[22m[39m

[2m Test Files [22m [1m[31m1 failed[39m[22m[90m (1)[39m
[2m      Tests [22m [1m[31m1 failed[39m[22m[2m | [22m[1m[32m4 passed[39m[22m[90m (5)[39m
[2m   Start at [22m 22:23:47
[2m   Duration [22m 1.84s[2m (transform 90ms, setup 85ms, import 289ms, tests 802ms, environment 513ms)[22m

[90m [2mÔØ»[22m getElementError node
_modules/@testing-library/dom/dist/quer
y-helpers.js:[2m20:35[22m[39m
[90m [2mÔØ»[22m 
getMultipleElementsFoundError node_modu
les/@testing-library/dom/dist/query-hel
pers.js:[2m23:10[22m[39m
[90m [2mÔØ»[22m node_modules/@testin
g-library/dom/dist/query-helpers.js:[2
m55:13[22m[39m
[90m [2mÔØ»[22m node_modules/@testin
g-library/dom/dist/query-helpers.js:[2
m95:19[22m[39m
[36m [2mÔØ»[22m src/__tests__/App.te
st.jsx:[2m23:28[22m[39m
    [90m 21| [39m    [35mconst[39m 
billInput [33m=[39m screen[33m.[39m
[34mgetByLabelText[39m([36m/bill/i[
39m)[33m;[39m
    [90m 22| [39m    [35mconst[39m 
peopleInput [33m=[39m screen[33m.[3
9m[34mgetByLabelText[39m([36m/number
 of people/i[39m)[33m;[39m
    [90m 23| [39m    [35mconst[39m 
tip5Btn [33m=[39m screen[33m.[39m[
34mgetByRole[39m([32m"button"[39m[3
3m,[39m { name[33m:[39m 
[36m/5%/i[39m })[33m;[39m
    [90m   | [39m                    
       [31m^[39m
    [90m 24| [39m
    [90m 25| [39m    [35mawait[39m 
user[33m.[39m[34mtype[39m(billInput
[33m,[39m [32m"100"[39m)[33m;[39m

[31m[2mÔÄ»ÔÄ»ÔÄ»ÔÄ»ÔÄ»ÔÄ»ÔÄ»ÔÄ»ÔÄ»ÔÄ»
ÔÄ»ÔÄ»ÔÄ»ÔÄ»ÔÄ»ÔÄ»ÔÄ»ÔÄ»ÔÄ»ÔÄ»ÔÄ»ÔÄ»ÔÄ»
ÔÄ»[1/1]ÔÄ»[22m[39m

